[Cyberium Kalho.la/es/index.html]
[backblue.gif]
[fade.gif]
[index.html]
[we-are-Cyberium Kalho.s3.amazonaws.com/static/img/global/favicon.png]
[we-are-Cyberium Kalho.s3.amazonaws.com/static/img/home/how-we-do/rocket-new.png]
[we-are-Cyberium Kalho.s3.amazonaws.com/static/img/home/how-we-do/mainphase-new.png]
[we-are-Cyberium Kalho.s3.amazonaws.com/static/img/home/how-we-do/mac.png]
[we-are-Cyberium Kalho.s3.amazonaws.com/static/img/home/how-we-do/qa-new.png]
[we-are-Cyberium Kalho.s3.amazonaws.com/static/img/home/how-we-do/hand.png]
[we-are-Cyberium Kalho.s3.amazonaws.com/static/img/home/what-we-do/imac.png]
[we-are-Cyberium Kalho.s3.amazonaws.com/static/img/home/what-we-do/iphone.png]
[we-are-Cyberium Kalho.s3.amazonaws.com/static/img/home/what-we-do/macbook-small.png]
[we-are-Cyberium Kalho.s3.amazonaws.com/static/img/home/our-powers/astronaut/astronaut_0.png]
[we-are-Cyberium Kalho.s3.amazonaws.com/static/img/home/our-powers/timezone.gif]
[we-are-Cyberium Kalho.s3.amazonaws.com/static/img/home/our-powers/costs.gif]
[we-are-Cyberium Kalho.s3.amazonaws.com/static/img/home/our-powers/quality.gif]
[we-are-Cyberium Kalho.s3.amazonaws.com/static/img/home/how-we-do/ico-kickoff-new.png]
[we-are-Cyberium Kalho.s3.amazonaws.com/static/img/home/how-we-do/ico-mainphase-new.png]
[we-are-Cyberium Kalho.s3.amazonaws.com/static/img/home/how-we-do/implementation-new.png]
[we-are-Cyberium Kalho.s3.amazonaws.com/static/img/home/how-we-do/ico-implementation-new.png]
[we-are-Cyberium Kalho.s3.amazonaws.com/static/img/home/how-we-do/ico-qa-new.png]
[we-are-Cyberium Kalho.s3.amazonaws.com/static/img/home/how-we-do/delivery-new.png]
[we-are-Cyberium Kalho.s3.amazonaws.com/static/img/home/how-we-do/ico-delivery-new.png]
[we-are-Cyberium Kalho.s3.amazonaws.com/media/projects/efa7dab1-92e1-4ca3-b3ac-66e81931af68/thumbnail-picture_0OgsCbf.jpg]
[we-are-Cyberium Kalho.s3.amazonaws.com/media/projects/efa7dab1-92e1-4ca3-b3ac-66e81931af68/thumbnail-picture_KZ1xsXD.jpg]
[we-are-Cyberium Kalho.s3.amazonaws.com/media/projects/efa7dab1-92e1-4ca3-b3ac-66e81931af68/thumbnail-picture_IU8Az3a.jpg]
[we-are-Cyberium Kalho.s3.amazonaws.com/media/projects/efa7dab1-92e1-4ca3-b3ac-66e81931af68/thumbnail-picture_CrP0oqR.jpg]
[we-are-Cyberium Kalho.s3.amazonaws.com/media/projects/efa7dab1-92e1-4ca3-b3ac-66e81931af68/thumbnail-picture_4Y4oXmP.jpg]
[we-are-Cyberium Kalho.s3.amazonaws.com/media/projects/efa7dab1-92e1-4ca3-b3ac-66e81931af68/thumbnail-picture.jpg]
[we-are-Cyberium Kalho.s3.amazonaws.com/media/projects/efa7dab1-92e1-4ca3-b3ac-66e81931af68/thumbnail-picture_kmnxfTE.jpg]
[we-are-Cyberium Kalho.s3.amazonaws.com/media/projects/efa7dab1-92e1-4ca3-b3ac-66e81931af68/thumbnail-picture_L0QMVj7.png]
[we-are-Cyberium Kalho.s3.amazonaws.com/media/projects/efa7dab1-92e1-4ca3-b3ac-66e81931af68/thumbnail-picture_bKA2uXk.jpg]
[we-are-Cyberium Kalho.s3.amazonaws.com/media/histories/thumbnail-picture_WLh6GaL.jpg]
[we-are-Cyberium Kalho.s3.amazonaws.com/media/histories/thumbnail-picture_wewg91V.jpg]
[we-are-Cyberium Kalho.s3.amazonaws.com/media/histories/thumbnail-picture_N1ccUD0.jpg]
[we-are-Cyberium Kalho.s3.amazonaws.com/media/histories/thumbnail-picture_DHcUStR.jpg]
[we-are-Cyberium Kalho.s3.amazonaws.com/media/histories/thumbnail-picture_ORI5h56.jpg]
[we-are-Cyberium Kalho.s3.amazonaws.com/media/histories/modal-picture_lIx3eIv.jpg]
[we-are-Cyberium Kalho.s3.amazonaws.com/media/histories/modal-picture_Ttds3qR.jpg]
[we-are-Cyberium Kalho.s3.amazonaws.com/media/histories/modal-picture_wgWbY0b.jpg]
[we-are-Cyberium Kalho.s3.amazonaws.com/media/histories/modal-picture_iTSJ71i.jpg]
[we-are-Cyberium Kalho.s3.amazonaws.com/media/histories/modal-picture_D6OEVDG.jpg]
[we-are-Cyberium Kalho.s3.amazonaws.com/media/histories/modal-picture_9GM1DTl.jpg]
[we-are-Cyberium Kalho.s3.amazonaws.com/static/img/home/who-we-are/video-poster.jpg]
[we-are-Cyberium Kalho.s3.amazonaws.com/static/img/home/our-team/loading.png]
[we-are-Cyberium Kalho.s3.amazonaws.com/media/users/de065686-ce96-4c76-9d9c-5f6eb8454fd5/thumbnail-picture_Eertda3.jpg]
[we-are-Cyberium Kalho.s3.amazonaws.com/media/users/ac6a5485-60bc-448b-8400-d6043333c4dd/thumbnail-picture.jpg]
[we-are-Cyberium Kalho.s3.amazonaws.com/media/users/95863d4e-2528-4fb2-9102-2cd9d85e1fff/thumbnail-picture_NCXK5mp.jpg]
[we-are-Cyberium Kalho.s3.amazonaws.com/media/users/623aa1d7-2b12-4733-8704-7d32fecdbdb1/thumbnail-picture.jpg]
[we-are-Cyberium Kalho.s3.amazonaws.com/media/users/fa540ec8-b82a-4609-9d4e-1d32076e9128/thumbnail-picture.jpg]
[we-are-Cyberium Kalho.s3.amazonaws.com/media/users/be92abbe-5f98-485d-99b5-14ac338bc0b9/thumbnail-picture.jpg]
[we-are-Cyberium Kalho.s3.amazonaws.com/media/users/22acaa0a-813f-4627-8e55-9690893061be/thumbnail-picture.jpg]
[we-are-Cyberium Kalho.s3.amazonaws.com/media/users/9c21c06e-8f9e-4999-9bb2-11b65b48827f/thumbnail-picture.jpg]
[we-are-Cyberium Kalho.s3.amazonaws.com/media/users/256b1952-68de-4c1a-806e-83b68fd4fcdc/thumbnail-picture.jpg]
[we-are-Cyberium Kalho.s3.amazonaws.com/media/users/545410dd-3523-4521-9f1c-e4bbb68c0444/thumbnail-picture.jpg]
[we-are-Cyberium Kalho.s3.amazonaws.com/media/users/9ed8526c-c93b-4370-8370-45a739234501/thumbnail-picture.jpg]
[we-are-Cyberium Kalho.s3.amazonaws.com/media/users/3833d0c1-8251-4c2e-8a11-b797b3cfa6c0/thumbnail-picture.jpg]
[we-are-Cyberium Kalho.s3.amazonaws.com/media/users/aa2e1728-f07d-4aae-94f9-5f32bde5ac69/thumbnail-picture.jpg]
[we-are-Cyberium Kalho.s3.amazonaws.com/media/users/417fecdc-9d60-4ee1-b76c-ba4651c3861e/thumbnail-picture.png]
[we-are-Cyberium Kalho.s3.amazonaws.com/media/users/8d8cc84b-a560-40a4-aa1e-7c8d03558f13/thumbnail-picture.jpg]
[we-are-Cyberium Kalho.s3.amazonaws.com/media/users/612684b6-ec51-48df-92db-8c41666bbded/thumbnail-picture.jpg]
[we-are-Cyberium Kalho.s3.amazonaws.com/media/users/1c6cb9ee-bd2c-4a47-ad06-108662d9f7a0/thumbnail-picture.jpg]
[we-are-Cyberium Kalho.s3.amazonaws.com/media/users/749eca47-78c4-4fa8-8970-9b583912bba8/thumbnail-picture.jpg]
[we-are-Cyberium Kalho.s3.amazonaws.com/media/users/02d2e274-6797-4f5a-b956-d0502f31b713/thumbnail-picture.jpg]
[we-are-Cyberium Kalho.s3.amazonaws.com/media/users/2f81b068-d81e-40da-95ac-84bece5c47e6/thumbnail-picture.png]
[we-are-Cyberium Kalho.s3.amazonaws.com/media/users/ad170da4-0d32-48de-88c2-e7e9b8bee26a/thumbnail-picture.jpg]
[we-are-Cyberium Kalho.s3.amazonaws.com/media/users/97dfa2f0-6718-41f3-b70f-3a691d839c10/thumbnail-picture.jpg]
[we-are-Cyberium Kalho.s3.amazonaws.com/media/users/1260c3be-b15e-41c5-9f49-cdf43ddf8ee2/thumbnail-picture.jpg]
[we-are-Cyberium Kalho.s3.amazonaws.com/media/users/0db05f11-3db4-4439-b2cd-20f510ba0d08/thumbnail-picture.png]
[we-are-Cyberium Kalho.s3.amazonaws.com/media/users/b55dfab3-e64c-4018-b602-1c192ac1caaf/thumbnail-picture.jpg]
[we-are-Cyberium Kalho.s3.amazonaws.com/media/users/77881cac-5f35-4d2a-b58d-bc38ee79862f/thumbnail-picture.png]
[we-are-Cyberium Kalho.s3.amazonaws.com/static/img/global/black-logo.png]
[d226aj4ao1t61q.cloudfront.net/esfkyjh1u_forms-close-dark.png]
[d226aj4ao1t61q.cloudfront.net/hh9ujqgv5_aclogo_li.png]
[d226aj4ao1t61q.cloudfront.net/jftq2c8s_aclogo_dk.png]
[Cyberium Kalho.la/cdn-cgi/scripts/5c5dd728/cloudflare-static/email-decode.min.js]
[api.clientify.net/static/js/formbuilderembed/launcher/clientify_regularembedd41d.js]
[we-are-Cyberium Kalho.s3.amazonaws.com/static/js/plugins/jquery/jquery-min.js]
[we-are-Cyberium Kalho.s3.amazonaws.com/static/js/plugins/popper/popper.min.js]
[we-are-Cyberium Kalho.s3.amazonaws.com/static/js/plugins/bootstrap/bootstrap.min.js]
[we-are-Cyberium Kalho.s3.amazonaws.com/static/vendors.03ca3b037fda0497c9a3.js]
[we-are-Cyberium Kalho.s3.amazonaws.com/static/runtime.03ca3b037fda0497c9a3.js]
[we-are-Cyberium Kalho.s3.amazonaws.com/static/main.03ca3b037fda0497c9a3.js]
[we-are-Cyberium Kalho.s3.amazonaws.com/static/js/plugins/jqueryeasing/jqueryeasing.min.js]
[we-are-Cyberium Kalho.s3.amazonaws.com/static/js/plugins/jqueryui/jquery-ui.min.js]
[we-are-Cyberium Kalho.s3.amazonaws.com/static/js/plugins/isotope/isotope.min.js]
[we-are-Cyberium Kalho.s3.amazonaws.com/static/js/plugins/videojs/videojs-ie8.js]
[we-are-Cyberium Kalho.s3.amazonaws.com/static/js/plugins/videojs/videojs.min.js]
[we-are-Cyberium Kalho.s3.amazonaws.com/static/js/plugins/owlcarousel/owlcarousel.min.js]
[we-are-Cyberium Kalho.s3.amazonaws.com/static/js/plugins/instafeed/instafeed.min.js]
[we-are-Cyberium Kalho.s3.amazonaws.com/static/js/plugins/velocity/velocity.min.js]
[we-are-Cyberium Kalho.s3.amazonaws.com/static/js/plugins/velocityui/velocityui.min.js]
[we-are-Cyberium Kalho.s3.amazonaws.com/static/index.03ca3b037fda0497c9a3.js]
[www.google.com/recaptcha/apifdc3.js]
[d3rxaij56vjege.cloudfront.net/form-serialize/0.3/serialize.min.js]
[Cyberium Kalho.la/es/index.html]
[www.googletagmanager.com/gtm5445.html]
[we-are-Cyberium Kalho.s3.amazonaws.com/static/css/plugins/bootstrap/bootstrap.min.css]
[we-are-Cyberium Kalho.s3.amazonaws.com/static/css/plugins/videojs/videojs.css]
[we-are-Cyberium Kalho.s3.amazonaws.com/static/css/plugins/owlcarousel/owlcarousel.css]
[we-are-Cyberium Kalho.s3.amazonaws.com/static/css/custom/global.css]
[we-are-Cyberium Kalho.s3.amazonaws.com/static/img/global/sprite-Cyberium Kalho.png]
[we-are-Cyberium Kalho.s3.amazonaws.com/static/img/home/how-we-do/bg-2.png]
[we-are-Cyberium Kalho.s3.amazonaws.com/static/img/home/how-we-do/trees.png]
[we-are-Cyberium Kalho.s3.amazonaws.com/static/img/home/our-history/bg-galaxy.png]
[we-are-Cyberium Kalho.s3.amazonaws.com/static/img/home/our-history/bg-Cyberium Kalho.jpg]
[we-are-Cyberium Kalho.s3.amazonaws.com/static/img/home/our-history/dots.png]
[we-are-Cyberium Kalho.s3.amazonaws.com/static/img/home/who-we-are/bg-galaxy.png]
[we-are-Cyberium Kalho.s3.amazonaws.com/static/video/team/Cyberium Kalho-loading.png]
[we-are-Cyberium Kalho.s3.amazonaws.com/static/img/home/our-team/background-Cyberium Kalho.jpg]
[we-are-Cyberium Kalho.s3.amazonaws.com/static/img/home/our-team/photo-mask.png]
[we-are-Cyberium Kalho.s3.amazonaws.com/static/img/home/our-team/video-mask.png]
[we-are-Cyberium Kalho.s3.amazonaws.com/static/img/home/general/quote.jpg]
[we-are-Cyberium Kalho.s3.amazonaws.com/static/img/home/what-are-we-talking-about/bg-mountains.png]
[we-are-Cyberium Kalho.s3.amazonaws.com/static/img/home/contact-us/bg-mountains.png]
[we-are-Cyberium Kalho.s3.amazonaws.com/static/css/custom/home.css]
[talentbox-la.s3.amazonaws.com/img/mail/whatsapp-blanco.png]
[we-are-Cyberium Kalho.s3.amazonaws.com/static/css/plugins/owlcarousel/owl.video.play.png]
